--------------------------------------------------------------------------------------
Timing Analyzer Summary
--------------------------------------------------------------------------------------

Type           : Worst-case tsu
Slack          : N/A
Required Time  : None
Actual Time    : 0.004 ns
From           : srinput
To             : srg4:inst3|inst
From Clock     : --
To Clock       : clk
Failed Paths   : 0

Type           : Worst-case tco
Slack          : N/A
Required Time  : None
Actual Time    : 9.943 ns
From           : srg4:inst3|inst3
To             : out1[1]
From Clock     : shift
To Clock       : --
Failed Paths   : 0

Type           : Worst-case th
Slack          : N/A
Required Time  : None
Actual Time    : 0.373 ns
From           : srinput
To             : srg4:inst3|inst
From Clock     : --
To Clock       : shift
Failed Paths   : 0

Type           : Clock Setup: 'shift'
Slack          : N/A
Required Time  : None
Actual Time    : Restricted to 500.00 MHz ( period = 2.000 ns )
From           : srg4:inst3|inst2
To             : srg4:inst2|inst
From Clock     : shift
To Clock       : shift
Failed Paths   : 0

Type           : Clock Setup: 'clk'
Slack          : N/A
Required Time  : None
Actual Time    : Restricted to 500.00 MHz ( period = 2.000 ns )
From           : srg4:inst3|inst2
To             : srg4:inst2|inst
From Clock     : clk
To Clock       : clk
Failed Paths   : 0

Type           : Total number of failed paths
Slack          : 
Required Time  : 
Actual Time    : 
From           : 
To             : 
From Clock     : 
To Clock       : 
Failed Paths   : 0

--------------------------------------------------------------------------------------

